The Warning type list is : [False, False, False, False, False, False, False, False, False]
No Warnings!
